#-----------------------------------------------------------
# Vivado v2024.1 (64-bit)
# SW Build 5076996 on Wed May 22 18:36:09 MDT 2024
# IP Build 5075265 on Wed May 22 21:45:21 MDT 2024
# SharedData Build 5076995 on Wed May 22 18:29:18 MDT 2024
# Start of session at: Fri Jul  5 00:07:23 2024
# Process ID: 969269
# Current directory: /home/binhkieudo/Workspace/NewFramework/framework/bitfiles
# Command line: vivado
# Log file: /home/binhkieudo/Workspace/NewFramework/framework/bitfiles/vivado.log
# Journal file: /home/binhkieudo/Workspace/NewFramework/framework/bitfiles/vivado.jou
# Running On        :binhkieudo
# Platform          :Ubuntu
# Operating System  :Ubuntu 20.04.6 LTS
# Processor Detail  :AMD Ryzen 7 4800H with Radeon Graphics
# CPU Frequency     :1400.000 MHz
# CPU Physical cores:8
# CPU Logical cores :16
# Host memory       :33036 MB
# Swap memory       :98302 MB
# Total Virtual     :131339 MB
# Available Virtual :115448 MB
#-----------------------------------------------------------
start_gui
open_hw_manager
connect_hw_server -allow_non_jtag
open_hw_target
current_hw_device [get_hw_devices xc7vx485t_0]
refresh_hw_device -update_hw_probes false [lindex [get_hw_devices xc7vx485t_0] 0]
set_property PROBES.FILE {} [get_hw_devices xc7vx485t_0]
set_property FULL_PROBES.FILE {} [get_hw_devices xc7vx485t_0]
set_property PROGRAM.FILE {/home/binhkieudo/Workspace/NewFramework/framework/bitfiles/FourCores_32bit_MUL16_120MHz/VC707woDDRHarness.bit} [get_hw_devices xc7vx485t_0]
program_hw_devices [get_hw_devices xc7vx485t_0]
refresh_hw_device [lindex [get_hw_devices xc7vx485t_0] 0]
set_property PROBES.FILE {} [get_hw_devices xc7vx485t_0]
set_property FULL_PROBES.FILE {} [get_hw_devices xc7vx485t_0]
set_property PROGRAM.FILE {/home/binhkieudo/Workspace/NewFramework/framework/bitfiles/FourCores_32bit_MUL16_120MHz/VC707woDDRHarness.bit} [get_hw_devices xc7vx485t_0]
program_hw_devices [get_hw_devices xc7vx485t_0]
refresh_hw_device [lindex [get_hw_devices xc7vx485t_0] 0]
set_property PROBES.FILE {} [get_hw_devices xc7vx485t_0]
set_property FULL_PROBES.FILE {} [get_hw_devices xc7vx485t_0]
set_property PROGRAM.FILE {/home/binhkieudo/Workspace/NewFramework/framework/bitfiles/FourCores_32bit_MUL32_120MHz/VC707woDDRHarness.bit} [get_hw_devices xc7vx485t_0]
program_hw_devices [get_hw_devices xc7vx485t_0]
refresh_hw_device [lindex [get_hw_devices xc7vx485t_0] 0]
set_property PROBES.FILE {} [get_hw_devices xc7vx485t_0]
set_property FULL_PROBES.FILE {} [get_hw_devices xc7vx485t_0]
set_property PROGRAM.FILE {/home/binhkieudo/Workspace/NewFramework/framework/bitfiles/FourCores_64bit_MUL32_100MHz/VC707woDDRHarness.bit} [get_hw_devices xc7vx485t_0]
program_hw_devices [get_hw_devices xc7vx485t_0]
refresh_hw_device [lindex [get_hw_devices xc7vx485t_0] 0]
set_property PROBES.FILE {} [get_hw_devices xc7vx485t_0]
set_property FULL_PROBES.FILE {} [get_hw_devices xc7vx485t_0]
set_property PROGRAM.FILE {/home/binhkieudo/Workspace/NewFramework/framework/bitfiles/FourCores_32bit_MUL32_120MHz/VC707woDDRHarness.bit} [get_hw_devices xc7vx485t_0]
program_hw_devices [get_hw_devices xc7vx485t_0]
refresh_hw_device [lindex [get_hw_devices xc7vx485t_0] 0]
set_property PROBES.FILE {} [get_hw_devices xc7vx485t_0]
set_property FULL_PROBES.FILE {} [get_hw_devices xc7vx485t_0]
set_property PROGRAM.FILE {/home/binhkieudo/Workspace/NewFramework/framework/bitfiles/FourCores_32bit_MUL32_120MHz/VC707woDDRHarness.bit} [get_hw_devices xc7vx485t_0]
program_hw_devices [get_hw_devices xc7vx485t_0]
refresh_hw_device [lindex [get_hw_devices xc7vx485t_0] 0]
set_property PROBES.FILE {} [get_hw_devices xc7vx485t_0]
set_property FULL_PROBES.FILE {} [get_hw_devices xc7vx485t_0]
set_property PROGRAM.FILE {/home/binhkieudo/Workspace/NewFramework/framework/bitfiles/FourCores_32bit_MUL32_120MHz/VC707woDDRHarness.bit} [get_hw_devices xc7vx485t_0]
program_hw_devices [get_hw_devices xc7vx485t_0]
refresh_hw_device [lindex [get_hw_devices xc7vx485t_0] 0]
set_property PROBES.FILE {} [get_hw_devices xc7vx485t_0]
set_property FULL_PROBES.FILE {} [get_hw_devices xc7vx485t_0]
set_property PROGRAM.FILE {/home/binhkieudo/Workspace/NewFramework/framework/bitfiles/FourCores_32bit_MUL32_120MHz/VC707woDDRHarness.bit} [get_hw_devices xc7vx485t_0]
program_hw_devices [get_hw_devices xc7vx485t_0]
refresh_hw_device [lindex [get_hw_devices xc7vx485t_0] 0]
set_property PROBES.FILE {} [get_hw_devices xc7vx485t_0]
set_property FULL_PROBES.FILE {} [get_hw_devices xc7vx485t_0]
set_property PROGRAM.FILE {/home/binhkieudo/Workspace/NewFramework/framework/bitfiles/FourCores_32bit_MUL32_120MHz/VC707woDDRHarness.bit} [get_hw_devices xc7vx485t_0]
program_hw_devices [get_hw_devices xc7vx485t_0]
refresh_hw_device [lindex [get_hw_devices xc7vx485t_0] 0]
