#-----------------------------------------------------------
# Vivado v2024.1 (64-bit)
# SW Build 5076996 on Wed May 22 18:36:09 MDT 2024
# IP Build 5075265 on Wed May 22 21:45:21 MDT 2024
# SharedData Build 5076995 on Wed May 22 18:29:18 MDT 2024
# Start of session at: Fri Jul 12 01:21:43 2024
# Process ID: 381245
# Current directory: /home/binhkieudo/Workspace/NewFramework/framework
# Command line: vivado generated-src/framework.fpga.vcu118.VCU118Harness.FourCoreRocketDDRVCU118Config/VCU118Harness.xpr
# Log file: /home/binhkieudo/Workspace/NewFramework/framework/vivado.log
# Journal file: /home/binhkieudo/Workspace/NewFramework/framework/vivado.jou
# Running On        :binhkieudo
# Platform          :Ubuntu
# Operating System  :Ubuntu 20.04.6 LTS
# Processor Detail  :AMD Ryzen 7 4800H with Radeon Graphics
# CPU Frequency     :1400.000 MHz
# CPU Physical cores:8
# CPU Logical cores :16
# Host memory       :33036 MB
# Swap memory       :98302 MB
# Total Virtual     :131339 MB
# Available Virtual :120507 MB
#-----------------------------------------------------------
start_gui
open_project generated-src/framework.fpga.vcu118.VCU118Harness.FourCoreRocketDDRVCU118Config/VCU118Harness.xpr
update_compile_order -fileset sources_1
launch_runs impl_1 -to_step write_bitstream -jobs 16
wait_on_run impl_1
open_run synth_1 -name synth_1
report_utilization -name utilization_1
