#-----------------------------------------------------------
# Vivado v2024.1 (64-bit)
# SW Build 5076996 on Wed May 22 18:36:09 MDT 2024
# IP Build 5075265 on Wed May 22 21:45:21 MDT 2024
# SharedData Build 5076995 on Wed May 22 18:29:18 MDT 2024
# Start of session at: Tue Jul  9 13:19:19 2024
# Process ID: 466187
# Current directory: /home/binhkieudo/Workspace/RISC-V/NewFramework/framework
# Command line: vivado generated-src/framework.fpga.vcu118.VCU118woDDRHarness.FourCoreRocketVCU118Config/VCU118woDDRHarness.xpr
# Log file: /home/binhkieudo/Workspace/RISC-V/NewFramework/framework/vivado.log
# Journal file: /home/binhkieudo/Workspace/RISC-V/NewFramework/framework/vivado.jou
# Running On        :binhkieudo-ASUS
# Platform          :Ubuntu
# Operating System  :Ubuntu 20.04.6 LTS
# Processor Detail  :Intel(R) Core(TM) i9-9820X CPU @ 3.30GHz
# CPU Frequency     :3300.000 MHz
# CPU Physical cores:10
# CPU Logical cores :20
# Host memory       :134739 MB
# Swap memory       :32767 MB
# Total Virtual     :167507 MB
# Available Virtual :144249 MB
#-----------------------------------------------------------
start_gui
open_project generated-src/framework.fpga.vcu118.VCU118woDDRHarness.FourCoreRocketVCU118Config/VCU118woDDRHarness.xpr
update_compile_order -fileset sources_1
open_hw_manager
connect_hw_server -allow_non_jtag
open_hw_target
current_hw_device [get_hw_devices xcvu9p_0]
refresh_hw_device -update_hw_probes false [lindex [get_hw_devices xcvu9p_0] 0]
set_property PROBES.FILE {} [get_hw_devices xcvu9p_0]
set_property FULL_PROBES.FILE {} [get_hw_devices xcvu9p_0]
set_property PROGRAM.FILE {/home/binhkieudo/Workspace/RISC-V/NewFramework/framework/generated-src/framework.fpga.vcu118.VCU118woDDRHarness.FourCoreRocketVCU118Config/obj/VCU118woDDRHarness.bit} [get_hw_devices xcvu9p_0]
program_hw_devices [get_hw_devices xcvu9p_0]
refresh_hw_device [lindex [get_hw_devices xcvu9p_0] 0]
update_compile_order -fileset sources_1
update_compile_order -fileset sources_1
update_compile_order -fileset sources_1
update_compile_order -fileset sources_1
update_compile_order -fileset sources_1
update_compile_order -fileset sources_1
update_compile_order -fileset sources_1
update_compile_order -fileset sources_1
update_compile_order -fileset sources_1
update_compile_order -fileset sources_1
update_compile_order -fileset sources_1
